// Jest Snapshot v1, https://goo.gl/fbAQLP

exports[`Views > FinancialClientList renders correctly 1`] = `<jus-view-main />`;
