// Jest Snapshot v1, https://goo.gl/fbAQLP

exports[`Views > BillingClientList renders correctly 1`] = `<jus-view-main />`;
